------------------------------------------------------------
Timing Analyzer Summary
------------------------------------------------------------

Type  : Slow 1200mV 85C Model Setup 'MAX10_CLK1_50'
Slack : 11.872
TNS   : 0.000

Type  : Slow 1200mV 85C Model Setup 'VGA_CLK|altpll_component|auto_generated|pll1|clk[0]'
Slack : 15.661
TNS   : 0.000

Type  : Slow 1200mV 85C Model Hold 'MAX10_CLK1_50'
Slack : 0.340
TNS   : 0.000

Type  : Slow 1200mV 85C Model Hold 'VGA_CLK|altpll_component|auto_generated|pll1|clk[0]'
Slack : 0.413
TNS   : 0.000

Type  : Slow 1200mV 85C Model Recovery 'VGA_CLK|altpll_component|auto_generated|pll1|clk[0]'
Slack : 33.749
TNS   : 0.000

Type  : Slow 1200mV 85C Model Removal 'VGA_CLK|altpll_component|auto_generated|pll1|clk[0]'
Slack : 5.013
TNS   : 0.000

Type  : Slow 1200mV 85C Model Minimum Pulse Width 'MAX10_CLK1_50'
Slack : 9.648
TNS   : 0.000

Type  : Slow 1200mV 85C Model Minimum Pulse Width 'VGA_CLK|altpll_component|auto_generated|pll1|clk[0]'
Slack : 19.583
TNS   : 0.000

Type  : Slow 1200mV 0C Model Setup 'MAX10_CLK1_50'
Slack : 12.638
TNS   : 0.000

Type  : Slow 1200mV 0C Model Setup 'VGA_CLK|altpll_component|auto_generated|pll1|clk[0]'
Slack : 17.729
TNS   : 0.000

Type  : Slow 1200mV 0C Model Hold 'MAX10_CLK1_50'
Slack : 0.305
TNS   : 0.000

Type  : Slow 1200mV 0C Model Hold 'VGA_CLK|altpll_component|auto_generated|pll1|clk[0]'
Slack : 0.333
TNS   : 0.000

Type  : Slow 1200mV 0C Model Recovery 'VGA_CLK|altpll_component|auto_generated|pll1|clk[0]'
Slack : 34.177
TNS   : 0.000

Type  : Slow 1200mV 0C Model Removal 'VGA_CLK|altpll_component|auto_generated|pll1|clk[0]'
Slack : 4.555
TNS   : 0.000

Type  : Slow 1200mV 0C Model Minimum Pulse Width 'MAX10_CLK1_50'
Slack : 9.655
TNS   : 0.000

Type  : Slow 1200mV 0C Model Minimum Pulse Width 'VGA_CLK|altpll_component|auto_generated|pll1|clk[0]'
Slack : 19.571
TNS   : 0.000

Type  : Fast 1200mV 0C Model Setup 'MAX10_CLK1_50'
Slack : 16.276
TNS   : 0.000

Type  : Fast 1200mV 0C Model Setup 'VGA_CLK|altpll_component|auto_generated|pll1|clk[0]'
Slack : 29.714
TNS   : 0.000

Type  : Fast 1200mV 0C Model Hold 'MAX10_CLK1_50'
Slack : 0.138
TNS   : 0.000

Type  : Fast 1200mV 0C Model Hold 'VGA_CLK|altpll_component|auto_generated|pll1|clk[0]'
Slack : 0.206
TNS   : 0.000

Type  : Fast 1200mV 0C Model Recovery 'VGA_CLK|altpll_component|auto_generated|pll1|clk[0]'
Slack : 36.745
TNS   : 0.000

Type  : Fast 1200mV 0C Model Removal 'VGA_CLK|altpll_component|auto_generated|pll1|clk[0]'
Slack : 2.288
TNS   : 0.000

Type  : Fast 1200mV 0C Model Minimum Pulse Width 'MAX10_CLK1_50'
Slack : 9.240
TNS   : 0.000

Type  : Fast 1200mV 0C Model Minimum Pulse Width 'VGA_CLK|altpll_component|auto_generated|pll1|clk[0]'
Slack : 19.660
TNS   : 0.000

------------------------------------------------------------
