------------------------------------------------------------
Timing Analyzer Summary
------------------------------------------------------------

Type  : Slow 1200mV 85C Model Setup 'MAX10_CLK1_50'
Slack : -3.350
TNS   : -103.406

Type  : Slow 1200mV 85C Model Hold 'MAX10_CLK1_50'
Slack : 0.419
TNS   : 0.000

Type  : Slow 1200mV 85C Model Minimum Pulse Width 'MAX10_CLK1_50'
Slack : -3.000
TNS   : -52.105

Type  : Slow 1200mV 0C Model Setup 'MAX10_CLK1_50'
Slack : -3.032
TNS   : -93.190

Type  : Slow 1200mV 0C Model Hold 'MAX10_CLK1_50'
Slack : 0.387
TNS   : 0.000

Type  : Slow 1200mV 0C Model Minimum Pulse Width 'MAX10_CLK1_50'
Slack : -3.000
TNS   : -52.105

Type  : Fast 1200mV 0C Model Setup 'MAX10_CLK1_50'
Slack : -0.830
TNS   : -22.884

Type  : Fast 1200mV 0C Model Hold 'MAX10_CLK1_50'
Slack : 0.167
TNS   : 0.000

Type  : Fast 1200mV 0C Model Minimum Pulse Width 'MAX10_CLK1_50'
Slack : -3.000
TNS   : -39.628

------------------------------------------------------------
